[2026-07-14 12:24:31] Validando dependencias locais...
[2026-07-14 12:24:31] Verificando containers Incus...
[2026-07-14 12:24:31]   leonk7s: RUNNING
[2026-07-14 12:24:31]   leonk8s: RUNNING
[2026-07-14 12:24:31]   leonk9s: RUNNING
[2026-07-14 12:24:31] Obtendo IPs locais dos containers via eth0...
[2026-07-14 12:24:31]   leonk7s -> 192.168.0.7
[2026-07-14 12:24:31]   leonk8s -> 192.168.0.8
[2026-07-14 12:24:31]   leonk9s -> 192.168.0.9
[2026-07-14 12:24:31] Obtendo hostnames dos containers...
[2026-07-14 12:24:31]   leonk7s hostname: leonk7s
[2026-07-14 12:24:31]   leonk8s hostname: leonk8s
[2026-07-14 12:24:32]   leonk9s hostname: leonk9s
[2026-07-14 12:24:32] Verificando cluster MicroCeph existente no master...
[2026-07-14 12:24:32] Membros atuais: [{"name":"leonk7s","address":"192.168.0.7:7443","certificate":"-----BEGIN CERTIFICATE-----\nMIIB5zCCAW2gAwIBAgIRAO9tpIxE5+xkCfr22RvCIVcwCgYIKoZIzj0EAwMwJTEM\nMAoGA1UEChMDTFhEMRUwEwYDVQQDDAxyb290QGxlb25rN3MwHhcNMjYwNzE0MTUy\nMjU2WhcNMzYwNzExMTUyMjU2WjAlMQwwCgYDVQQKEwNMWEQxFTATBgNVBAMMDHJv\nb3RAbGVvbms3czB2MBAGByqGSM49AgEGBSuBBAAiA2IABCb740llAUsSzoL4EN7H\ngim30rQFi2/33dOaKYAj3iiDr6gNlL/Xi6xjKPeRjfKsyVsGx+CAwLyPloHBkRpK\nSkNU7CXcUla/O+5dOGCKtaT2q5d6mKC0r6u5E52yZoA4IaNhMF8wDgYDVR0PAQH/\nBAQDAgWgMBMGA1UdJQQMMAoGCCsGAQUFBwMBMAwGA1UdEwEB/wQCMAAwKgYDVR0R\nBCMwIYIHbGVvbms3c4cEfwAAAYcQAAAAAAAAAAAAAAAAAAAAATAKBggqhkjOPQQD\nAwNoADBlAjEAk3DruGG0PgJIcboBxofJrr1WbYT3XtUcgOyKRT++CPXtGPTRM8hp\n4+yEC0bN3iZPAjAecb7FwE96wjpDhngjc+ATBjtRtyMZ+/ZVOtvgO+lig6uAZvtB\n+mQ1aBk69po0zNU=\n-----END CERTIFICATE-----\n","role":"voter","schema_internal_version":6,"schema_external_version":7,"last_heartbeat":"2026-07-14T15:24:27.696772404Z","status":"ONLINE","extensions":["internal:runtime_extension_v1","internal:rename_core_endpoints"],"secret":""}]
[2026-07-14 12:24:32] [SKIP] Master leonk7s (leonk7s) ja esta no cluster
[2026-07-14 12:24:32] --- Executando join dos workers ---
[2026-07-14 12:24:32] Token gerado para leonk8s: eyJzZWNyZXQiOiIy...
[2026-07-14 12:24:32] >>> [leonk8s] Join do MicroCeph
[2026-07-14 12:24:32] Copiando microceph_join.sh para leonk8s:/tmp/microceph_join.sh
Pushing /osnix/ubunix/tofu/aws/util/microceph_join.sh to /tmp/microceph_join.sh: 100% (5.31kB/s)                                                                                                 [2026-07-14 12:24:32] Script copiado e permissao 700 aplicada.
[2026-07-14 15:24:33] Interface VPN: eth0  IP: 192.168.0.8
[2026-07-14 15:24:33] Verificando conectividade com o lider 192.168.0.7...
[2026-07-14 15:24:34] Rota ate o lider OK.
[2026-07-14 15:24:34] Public network: 192.168.0.0/24
[2026-07-14 15:24:34] Instalando MicroCeph pelo canal squid/stable...
error: snap "microceph" has "install-snap" change in progress
[2026-07-14 12:24:35] AVISO: Join falhou para leonk8s
[2026-07-14 12:24:35] AVISO: Join falhou: leonk8s
[2026-07-14 12:24:35] Token gerado para leonk9s: eyJzZWNyZXQiOiJl...
[2026-07-14 12:24:35] >>> [leonk9s] Join do MicroCeph
[2026-07-14 12:24:35] Copiando microceph_join.sh para leonk9s:/tmp/microceph_join.sh
Pushing /osnix/ubunix/tofu/aws/util/microceph_join.sh to /tmp/microceph_join.sh: 100% (5.31kB/s)                                                                                                 [2026-07-14 12:24:35] Script copiado e permissao 700 aplicada.
[2026-07-14 15:24:35] Interface VPN: eth0  IP: 192.168.0.9
[2026-07-14 15:24:35] Verificando conectividade com o lider 192.168.0.7...
[2026-07-14 15:24:36] Rota ate o lider OK.
[2026-07-14 15:24:36] Public network: 192.168.0.0/24
[2026-07-14 15:24:37] Instalando MicroCeph pelo canal squid/stable...
microceph (squid/stable) 19.2.3+snapcf306793a4 from Canonical** installed
General refreshes of "microceph" held indefinitely
[2026-07-14 15:25:47] Aguardando snapd terminar de carregar...
[2026-07-14 15:25:47] MicroCeph instalado e servico ativo.
[2026-07-14 15:25:47] Executando cluster join no lider 192.168.0.7...
[2026-07-14 15:25:54] Aguardando sincronizacao de chaves...
[2026-07-14 15:25:59] Adicionando dispositivo OSD: loop\,4G\,1

+-------------+---------+
|    PATH     | STATUS  |
+-------------+---------+
| loop\,4G\,1 | Failure |
+-------------+---------+
Error: unable to list system disks: Failed to find "/dev/disk/by-path/pci-0000:01:00.0-nvme-1": lstat /dev/nvme0n1: no such file or directory
[2026-07-14 12:25:59] AVISO: Join falhou para leonk9s
[2026-07-14 12:25:59] AVISO: Join falhou: leonk9s
[2026-07-14 12:25:59] === Verificando saude do cluster ===
MicroCeph deployment summary:
- leonk7s (192.168.0.7)
  Services: mds, mgr, mon
  Disks: 0
- leonk9s (192.168.0.9)
  Services: mds, mgr, mon
  Disks: 0
+---------+------------------+-------+------------------------------------------------------------------+--------+
|  NAME   |     ADDRESS      | ROLE  |                           FINGERPRINT                            | STATUS |
+---------+------------------+-------+------------------------------------------------------------------+--------+
| leonk7s | 192.168.0.7:7443 | voter | 318678c1ef9a498d1770ba147612f6893fdbb91bcc4a84d28ea456a8218b9aec | ONLINE |
+---------+------------------+-------+------------------------------------------------------------------+--------+
| leonk9s | 192.168.0.9:7443 | spare | d00df0a9e386f7cd407e7083ed25d9c78b3d9b11fa92c0d8baeefcf7b0128814 | ONLINE |
+---------+------------------+-------+------------------------------------------------------------------+--------+
Error: internal error: unable to fetch unpartitoned disks: internal error: unable to fetch available disks: failed listing storage devices: Failed to find "/dev/disk/by-path/pci-0000:01:00.0-nvme-1": lstat /dev/nvme0n1: no such file or directory
  cluster:
    id:     bac04d83-ce49-4c16-8fd4-791a95e10450
    health: HEALTH_WARN
            OSD count 0 < osd_pool_default_size 3
 
  services:
    mon: 2 daemons, quorum leonk7s,leonk9s (age 1.20348s)
    mgr: leonk7s(active, since 108s)
    osd: 0 osds: 0 up, 0 in
 
  data:
    pools:   0 pools, 0 pgs
    objects: 0 objects, 0 B
    usage:   0 B used, 0 B / 0 B avail
    pgs:     
 
ID  CLASS  WEIGHT  TYPE NAME     STATUS  REWEIGHT  PRI-AFF
-1              0  root default                           
[2026-07-14 12:26:02] AVISO: Workers que falharam: leonk8s leonk9s
[2026-07-14 12:26:02] Limpando arquivos temporarios...
