[2026-07-14 12:23:04] Validando dependencias locais...
[2026-07-14 12:23:04] Verificando containers Incus...
[2026-07-14 12:23:04]   leonk7s: RUNNING
[2026-07-14 12:23:04]   leonk8s: RUNNING
[2026-07-14 12:23:04]   leonk9s: RUNNING
[2026-07-14 12:23:04] Obtendo IPs locais dos containers via eth0...
[2026-07-14 12:23:04]   leonk7s -> 192.168.0.7
[2026-07-14 12:23:04]   leonk8s -> 192.168.0.8
[2026-07-14 12:23:04]   leonk9s -> 192.168.0.9
[2026-07-14 12:23:04] Obtendo hostnames dos containers...
[2026-07-14 12:23:04]   leonk7s hostname: leonk7s
[2026-07-14 12:23:04]   leonk8s hostname: leonk8s
[2026-07-14 12:23:05]   leonk9s hostname: leonk9s
[2026-07-14 12:23:05] Verificando cluster MicroCeph existente no master...
[2026-07-14 12:23:05] Membros atuais: []
[2026-07-14 12:23:05] --- Executando bootstrap do MicroCeph no master ---
[2026-07-14 12:23:05] >>> [leonk7s] Bootstrap do MicroCeph
[2026-07-14 12:23:05] Copiando microceph_bootstrap.sh para leonk7s:/tmp/microceph_bootstrap.sh
[2026-07-14 12:23:05] Script copiado e permissao 700 aplicada.
[2026-07-14 12:23:05] Executando bootstrap com primeiro worker: leonk8s
[2026-07-14 15:23:05] Interface VPN: eth0  IP: 192.168.0.7
[2026-07-14 15:23:05] Public network: 192.168.0.0/24
[2026-07-14 15:23:05] Instalando MicroCeph pelo canal squid/stable...
[2026-07-14 15:23:56] Aguardando servico microceph ficar ativo...
[2026-07-14 15:23:56] MicroCeph instalado e servico ativo.
[2026-07-14 15:23:56] Executando bootstrap...
[2026-07-14 15:24:08] Aguardando daemon estabilizar...
[2026-07-14 15:24:13] Adicionando dispositivo OSD: loop\,4G\,1
Error: unable to list system disks: Failed to find "/dev/disk/by-path/pci-0000:01:00.0-nvme-1": lstat /dev/nvme0n1: no such file or directory
[2026-07-14 12:24:13] ERRO: Token de join vazio
[2026-07-14 12:24:13] ERRO: Bootstrap falhou
[2026-07-14 12:24:13] Limpando arquivos temporarios...
