[2026-08-13 00:47:04] Validando dependencias locais...
[2026-08-13 00:47:04] Verificando containers Incus...
[2026-08-13 00:47:04]   leonk7s: RUNNING
[2026-08-13 00:47:04]   leonk8s: RUNNING
[2026-08-13 00:47:04]   leonk9s: RUNNING
[2026-08-13 00:47:04] Obtendo IPs locais dos containers via eth0...
[2026-08-13 00:47:04]   leonk7s -> 192.168.2.7
[2026-08-13 00:47:04]   leonk8s -> 192.168.2.8
[2026-08-13 00:47:04]   leonk9s -> 192.168.2.9
[2026-08-13 00:47:04] Obtendo hostnames dos containers...
[2026-08-13 00:47:05]   leonk7s hostname: leonk7s
[2026-08-13 00:47:05]   leonk8s hostname: leonk8s
[2026-08-13 00:47:05]   leonk9s hostname: leonk9s
[2026-08-13 00:47:05] Verificando cluster MicroCeph existente no master...
[2026-08-13 00:47:06] Membros atuais: []
[2026-08-13 00:47:06] --- Executando bootstrap do MicroCeph no master ---
[2026-08-13 00:47:06] >>> [leonk7s] Bootstrap do MicroCeph
[2026-08-13 00:47:06] Copiando microceph_bootstrap.sh para leonk7s:/tmp/microceph_bootstrap.sh
Error: Failed to open target file "/tmp/microceph_bootstrap.sh": permission denied
[2026-08-13 00:47:06] ERRO: Falha ao copiar script para container leonk7s
[2026-08-13 00:47:06] ERRO: Bootstrap falhou
[2026-08-13 00:47:06] Limpando arquivos temporarios...
